*** Using Compiler 'V5.06 update 5 (build 528)', folder: 'D:\Program Files\keil_v5\ARM\ARMCC\Bin'
Build target 'Project'
assembling startup_stm32f103xb.s...
compiling stm32f1xx_hal_msp.c...
compiling gpio.c...
compiling stm32f1xx_hal_tim_ex.c...
compiling stm32f1xx_hal_gpio_ex.c...
compiling stm32f1xx_hal.c...
compiling stm32f1xx_hal_timebase_tim.c...
compiling stm32f1xx_hal_rcc_ex.c...
compiling freertos.c...
compiling main.c...
compiling stm32f1xx_it.c...
compiling stm32f1xx_hal_gpio.c...
compiling croutine.c...
compiling stm32f1xx_hal_rcc.c...
compiling event_groups.c...
compiling list.c...
compiling queue.c...
compiling timers.c...
compiling stream_buffer.c...
compiling tasks.c...
compiling heap_4.c...
compiling stm32f1xx_hal_tim.c...
compiling cmsis_os.c...
compiling port.c...
compiling stm32f1xx_hal_cortex.c...
compiling stm32f1xx_hal_dma.c...
compiling stm32f1xx_hal_exti.c...
compiling stm32f1xx_hal_flash.c...
compiling stm32f1xx_hal_flash_ex.c...
compiling stm32f1xx_hal_pwr.c...
compiling system_stm32f1xx.c...
linking...
Program Size: Code=6564 RO-data=352 RW-data=124 ZI-data=6636  
FromELF: creating hex file...
"Project\Project.axf" - 0 Error(s), 0 Warning(s).
Build Time Elapsed:  00:00:03
